src/app.ts(46,15): error TS6133: 'res' is declared but its value is never read.
src/app.ts(52,21): error TS6133: 'req' is declared but its value is never read.
src/app.ts(73,10): error TS6133: 'req' is declared but its value is never read.
src/modules/auth/auth.service.ts(5,10): error TS6133: 'BadRequestException' is declared but its value is never read.
src/modules/auth/auth.service.ts(7,1): error TS6133: 'config' is declared but its value is never read.
src/modules/bookings/booking.service.ts(17,45): error TS2339: Property 'packages' does not exist on type '{ name: string; id: string; isActive: boolean; createdAt: Date; updatedAt: Date; category: ServiceCategory; description: string; basePrice: Decimal; slug: string; metaTitle: string | null; metaDesc: string | null; }'.
src/modules/bookings/booking.service.ts(17,59): error TS7006: Parameter 'p' implicitly has an 'any' type.
src/modules/notifications/channels/email.channel.ts(1,24): error TS2307: Cannot find module '../../shared/utils/logger.util.js' or its corresponding type declarations.
src/modules/notifications/channels/sms.channel.ts(1,24): error TS2307: Cannot find module '../../shared/utils/logger.util.js' or its corresponding type declarations.
src/modules/notifications/notification.service.ts(2,1): error TS6133: 'smsChannel' is declared but its value is never read.
src/modules/payments/payment.service.ts(4,19): error TS6133: 'PaymentGateway' is declared but its value is never read.
src/modules/payments/payment.service.ts(4,35): error TS6133: 'PaymentStatus' is declared but its value is never read.
src/modules/portfolio/portfolio.service.ts(54,15): error TS6133: 'portfolio' is declared but its value is never read.
src/modules/users/user.service.ts(2,1): error TS6133: 'BcryptUtil' is declared but its value is never read.
src/modules/users/user.service.ts(3,29): error TS6133: 'BadRequestException' is declared but its value is never read.
src/modules/users/user.service.ts(3,50): error TS6133: 'ConflictException' is declared but its value is never read.
src/server.ts(5,1): error TS6133: 'redis' is declared but its value is never read.
src/shared/middleware/auth.middleware.ts(4,1): error TS6133: 'prisma' is declared but its value is never read.
src/shared/middleware/auth.middleware.ts(18,5): error TS6133: 'res' is declared but its value is never read.
src/shared/middleware/auth.middleware.ts(43,27): error TS6133: 'res' is declared but its value is never read.
src/shared/middleware/error.middleware.ts(8,5): error TS6133: 'req' is declared but its value is never read.
src/shared/middleware/error.middleware.ts(10,5): error TS6133: 'next' is declared but its value is never read.
src/shared/middleware/validation.middleware.ts(7,5): error TS6133: 'res' is declared but its value is never read.
src/shared/utils/jwt.util.ts(12,20): error TS2769: No overload matches this call.
  Overload 1 of 5, '(payload: string | object | Buffer<ArrayBufferLike>, secretOrPrivateKey: null, options?: (SignOptions & { algorithm: "none"; }) | undefined): string', gave the following error.
    Argument of type 'string' is not assignable to parameter of type 'null'.
  Overload 2 of 5, '(payload: string | object | Buffer<ArrayBufferLike>, secretOrPrivateKey: Buffer<ArrayBufferLike> | Secret | PrivateKeyInput | JsonWebKeyInput, options?: SignOptions | undefined): string', gave the following error.
    Type 'string' is not assignable to type 'number | StringValue | undefined'.
  Overload 3 of 5, '(payload: string | object | Buffer<ArrayBufferLike>, secretOrPrivateKey: Buffer<ArrayBufferLike> | Secret | PrivateKeyInput | JsonWebKeyInput, callback: SignCallback): void', gave the following error.
    Object literal may only specify known properties, and 'expiresIn' does not exist in type 'SignCallback'.
src/shared/utils/jwt.util.ts(18,20): error TS2769: No overload matches this call.
  Overload 1 of 5, '(payload: string | object | Buffer<ArrayBufferLike>, secretOrPrivateKey: null, options?: (SignOptions & { algorithm: "none"; }) | undefined): string', gave the following error.
    Argument of type 'string' is not assignable to parameter of type 'null'.
  Overload 2 of 5, '(payload: string | object | Buffer<ArrayBufferLike>, secretOrPrivateKey: Buffer<ArrayBufferLike> | Secret | PrivateKeyInput | JsonWebKeyInput, options?: SignOptions | undefined): string', gave the following error.
    Type 'string' is not assignable to type 'number | StringValue | undefined'.
  Overload 3 of 5, '(payload: string | object | Buffer<ArrayBufferLike>, secretOrPrivateKey: Buffer<ArrayBufferLike> | Secret | PrivateKeyInput | JsonWebKeyInput, callback: SignCallback): void', gave the following error.
    Object literal may only specify known properties, and 'expiresIn' does not exist in type 'SignCallback'.
